2026-09-05 22:42:13 watchdog: started (interval=10s, mode=dead)
2026-09-05 23:23:21 watchdog: started (interval=10s, mode=degraded-large-small)
2026-09-05 23:24:13 watchdog: health change (large_ok=0 small_ok=1) → regenerating routes
gen_routes: mode=degraded-large-small (large_ok=0 small_ok=1 cloud_key=0)
2026-09-05 23:24:14 watchdog: switchyard restarted in mode: degraded-large-small
2026-09-05 23:46:40 watchdog: health change (large_ok=0 small_ok=1) → regenerating routes
gen_routes: mode=degraded-large-small (large_ok=0 small_ok=1 cloud_key=0)
2026-09-05 23:46:41 watchdog: switchyard restarted in mode: degraded-large-small
2026-09-07 13:27:47 watchdog: started interval=10s heal=off mode=degraded-large-small
2026-09-07 13:29:09 watchdog: started interval=10s heal=on mode=degraded-large-small
2026-09-07 13:29:39 watchdog: change: mode degraded-large-small -> dead, registry_changed=False
2026-09-07 13:29:39 watchdog: route generation failed: no serving target: all local pools down and no cloud key
2026-09-07 13:29:39 watchdog: heal dispatch for ['zhengs-MacBook-Pro-weak']
2026-09-07 13:29:39 heal: starting weak lane
2026-09-07 13:29:44 heal: done
2026-09-07 13:29:49 watchdog: change: mode dead -> degraded-large-small, registry_changed=False
2026-09-07 13:29:53 watchdog: gateway restarted
2026-09-07 13:34:23 watchdog: change: mode degraded-large-small -> dead, registry_changed=False
2026-09-07 13:34:23 watchdog: route generation failed: no serving target: all local pools down and no cloud key
2026-09-07 13:34:23 watchdog: heal dispatch for ['zhengs-MacBook-Pro-weak']
2026-09-07 13:34:24 heal: starting weak lane
2026-09-07 13:34:29 heal: done
2026-09-07 13:34:33 watchdog: change: mode dead -> degraded-large-small, registry_changed=False
2026-09-07 13:34:41 watchdog: gateway restarted
